Refreshing run status every 20 seconds. Press Ctrl+C to quit.

* merge/sync-upstream-dev-20260720 3. Create Certificates pov-it/Trio#4 · 29734816694
Triggered via workflow_dispatch less than a minute ago

JOBS
✓ Validate / Access in 4s (ID 88327538282)
  ✓ Set up job
  ✓ Validate Access Token
  ✓ Validate Match-Secrets
  ✓ Complete job
* Validate / Fastlane (ID 88327565239)
  ✓ Set up job
  * Checkout Repo
  * Install Project Dependencies
  * Sync clock
  * Validate Fastlane Secrets
  * Post Checkout Repo
Refreshing run status every 20 seconds. Press Ctrl+C to quit.

* merge/sync-upstream-dev-20260720 3. Create Certificates pov-it/Trio#4 · 29734816694
Triggered via workflow_dispatch less than a minute ago

JOBS
✓ Validate / Access in 4s (ID 88327538282)
  ✓ Set up job
  ✓ Validate Access Token
  ✓ Validate Match-Secrets
  ✓ Complete job
* Validate / Fastlane (ID 88327565239)
  ✓ Set up job
  ✓ Checkout Repo
  ✓ Install Project Dependencies
  ✓ Sync clock
  * Validate Fastlane Secrets
  * Post Checkout Repo
Refreshing run status every 20 seconds. Press Ctrl+C to quit.

* merge/sync-upstream-dev-20260720 3. Create Certificates pov-it/Trio#4 · 29734816694
Triggered via workflow_dispatch less than a minute ago

JOBS
✓ Validate / Access in 4s (ID 88327538282)
  ✓ Set up job
  ✓ Validate Access Token
  ✓ Validate Match-Secrets
  ✓ Complete job
✓ Validate / Fastlane in 28s (ID 88327565239)
  ✓ Set up job
  ✓ Checkout Repo
  ✓ Install Project Dependencies
  ✓ Sync clock
  ✓ Validate Fastlane Secrets
  ✓ Post Checkout Repo
  ✓ Complete job
* Certificates (ID 88327662683)
  ✓ Set up job
  ✓ Checkout Repo
  ✓ Patch Match Tables
  * Install Project Dependencies
  * Check and create or update Distribution certificate and profiles if needed
  * Check Distribution certificate and launch Nuke certificates if needed
  * Set output and annotations based on Fastlane result
  * Post Checkout Repo
Refreshing run status every 20 seconds. Press Ctrl+C to quit.

* merge/sync-upstream-dev-20260720 3. Create Certificates pov-it/Trio#4 · 29734816694
Triggered via workflow_dispatch about 1 minute ago

JOBS
✓ Validate / Access in 4s (ID 88327538282)
  ✓ Set up job
  ✓ Validate Access Token
  ✓ Validate Match-Secrets
  ✓ Complete job
✓ Validate / Fastlane in 28s (ID 88327565239)
  ✓ Set up job
  ✓ Checkout Repo
  ✓ Install Project Dependencies
  ✓ Sync clock
  ✓ Validate Fastlane Secrets
  ✓ Post Checkout Repo
  ✓ Complete job
* Certificates (ID 88327662683)
  ✓ Set up job
  ✓ Checkout Repo
  ✓ Patch Match Tables
  ✓ Install Project Dependencies
  * Check and create or update Distribution certificate and profiles if needed
  * Check Distribution certificate and launch Nuke certificates if needed
  * Set output and annotations based on Fastlane result
  * Post Checkout Repo
✓ merge/sync-upstream-dev-20260720 3. Create Certificates pov-it/Trio#4 · 29734816694
Triggered via workflow_dispatch about 1 minute ago

JOBS
✓ Validate / Access in 4s (ID 88327538282)
  ✓ Set up job
  ✓ Validate Access Token
  ✓ Validate Match-Secrets
  ✓ Complete job
✓ Validate / Fastlane in 28s (ID 88327565239)
  ✓ Set up job
  ✓ Checkout Repo
  ✓ Install Project Dependencies
  ✓ Sync clock
  ✓ Validate Fastlane Secrets
  ✓ Post Checkout Repo
  ✓ Complete job
✓ Certificates in 46s (ID 88327662683)
  ✓ Set up job
  ✓ Checkout Repo
  ✓ Patch Match Tables
  ✓ Install Project Dependencies
  ✓ Check and create or update Distribution certificate and profiles if needed
  ✓ Check Distribution certificate and launch Nuke certificates if needed
  ✓ Set output and annotations based on Fastlane result
  ✓ Post Checkout Repo
  ✓ Complete job
- Nuke certificates (ID 88327819019)
CERTS_EXIT=0
