Refreshing run status every 20 seconds. Press Ctrl+C to quit.

* merge/sync-upstream-dev-20260720 2. Add Identifiers pov-it/Trio#4 · 29735988201
Triggered via workflow_dispatch less than a minute ago

JOBS
✓ Validate / Access in 6s (ID 88331310134)
  ✓ Set up job
  ✓ Validate Access Token
  ✓ Validate Match-Secrets
  ✓ Complete job
* Validate / Fastlane (ID 88331335599)
  ✓ Set up job
  ✓ Checkout Repo
  * Install Project Dependencies
  * Sync clock
  * Validate Fastlane Secrets
  * Post Checkout Repo
Refreshing run status every 20 seconds. Press Ctrl+C to quit.

* merge/sync-upstream-dev-20260720 2. Add Identifiers pov-it/Trio#4 · 29735988201
Triggered via workflow_dispatch less than a minute ago

JOBS
✓ Validate / Access in 6s (ID 88331310134)
  ✓ Set up job
  ✓ Validate Access Token
  ✓ Validate Match-Secrets
  ✓ Complete job
* Validate / Fastlane (ID 88331335599)
  ✓ Set up job
  ✓ Checkout Repo
  ✓ Install Project Dependencies
  ✓ Sync clock
  * Validate Fastlane Secrets
  * Post Checkout Repo
Refreshing run status every 20 seconds. Press Ctrl+C to quit.

* merge/sync-upstream-dev-20260720 2. Add Identifiers pov-it/Trio#4 · 29735988201
Triggered via workflow_dispatch about 1 minute ago

JOBS
✓ Validate / Access in 6s (ID 88331310134)
  ✓ Set up job
  ✓ Validate Access Token
  ✓ Validate Match-Secrets
  ✓ Complete job
✓ Validate / Fastlane in 46s (ID 88331335599)
  ✓ Set up job
  ✓ Checkout Repo
  ✓ Install Project Dependencies
  ✓ Sync clock
  ✓ Validate Fastlane Secrets
  ✓ Post Checkout Repo
  ✓ Complete job
* Add Identifiers (ID 88331489337)
  ✓ Set up job
  ✓ Checkout Repo
  ✓ Patch Match Tables
  * Install Project Dependencies
  * Sync clock
  * Fastlane Provision
  * Post Checkout Repo
Refreshing run status every 20 seconds. Press Ctrl+C to quit.

* merge/sync-upstream-dev-20260720 2. Add Identifiers pov-it/Trio#4 · 29735988201
Triggered via workflow_dispatch about 1 minute ago

JOBS
✓ Validate / Access in 6s (ID 88331310134)
  ✓ Set up job
  ✓ Validate Access Token
  ✓ Validate Match-Secrets
  ✓ Complete job
✓ Validate / Fastlane in 46s (ID 88331335599)
  ✓ Set up job
  ✓ Checkout Repo
  ✓ Install Project Dependencies
  ✓ Sync clock
  ✓ Validate Fastlane Secrets
  ✓ Post Checkout Repo
  ✓ Complete job
* Add Identifiers (ID 88331489337)
  ✓ Set up job
  ✓ Checkout Repo
  ✓ Patch Match Tables
  ✓ Install Project Dependencies
  ✓ Sync clock
  X Fastlane Provision
  ✓ Post Checkout Repo
  * Complete job
X merge/sync-upstream-dev-20260720 2. Add Identifiers pov-it/Trio#4 · 29735988201
Triggered via workflow_dispatch about 1 minute ago

JOBS
✓ Validate / Access in 6s (ID 88331310134)
  ✓ Set up job
  ✓ Validate Access Token
  ✓ Validate Match-Secrets
  ✓ Complete job
✓ Validate / Fastlane in 46s (ID 88331335599)
  ✓ Set up job
  ✓ Checkout Repo
  ✓ Install Project Dependencies
  ✓ Sync clock
  ✓ Validate Fastlane Secrets
  ✓ Post Checkout Repo
  ✓ Complete job
X Add Identifiers in 34s (ID 88331489337)
  ✓ Set up job
  ✓ Checkout Repo
  ✓ Patch Match Tables
  ✓ Install Project Dependencies
  ✓ Sync clock
  X Fastlane Provision
  ✓ Post Checkout Repo
  ✓ Complete job

ANNOTATIONS
X Process completed with exit code 1.
Add Identifiers: .github#161

IDENTIFIERS_EXIT=1
