Refreshing run status every 20 seconds. Press Ctrl+C to quit.

* merge/sync-upstream-dev-20260720 2. Add Identifiers pov-it/Trio#4 · 29734710406
Triggered via workflow_dispatch less than a minute ago

JOBS
✓ Validate / Access in 5s (ID 88327196674)
  ✓ Set up job
  ✓ Validate Access Token
  ✓ Validate Match-Secrets
  ✓ Complete job
* Validate / Fastlane (ID 88327221615)
  ✓ Set up job
  ✓ Checkout Repo
  * Install Project Dependencies
  * Sync clock
  * Validate Fastlane Secrets
  * Post Checkout Repo
Refreshing run status every 20 seconds. Press Ctrl+C to quit.

* merge/sync-upstream-dev-20260720 2. Add Identifiers pov-it/Trio#4 · 29734710406
Triggered via workflow_dispatch less than a minute ago

JOBS
✓ Validate / Access in 5s (ID 88327196674)
  ✓ Set up job
  ✓ Validate Access Token
  ✓ Validate Match-Secrets
  ✓ Complete job
✓ Validate / Fastlane in 24s (ID 88327221615)
  ✓ Set up job
  ✓ Checkout Repo
  ✓ Install Project Dependencies
  ✓ Sync clock
  ✓ Validate Fastlane Secrets
  ✓ Post Checkout Repo
  ✓ Complete job
* Add Identifiers (ID 88327303370)
  ✓ Set up job
  * Checkout Repo
  * Patch Match Tables
  * Install Project Dependencies
  * Sync clock
  * Fastlane Provision
  * Post Checkout Repo
Refreshing run status every 20 seconds. Press Ctrl+C to quit.

* merge/sync-upstream-dev-20260720 2. Add Identifiers pov-it/Trio#4 · 29734710406
Triggered via workflow_dispatch about 1 minute ago

JOBS
✓ Validate / Access in 5s (ID 88327196674)
  ✓ Set up job
  ✓ Validate Access Token
  ✓ Validate Match-Secrets
  ✓ Complete job
✓ Validate / Fastlane in 24s (ID 88327221615)
  ✓ Set up job
  ✓ Checkout Repo
  ✓ Install Project Dependencies
  ✓ Sync clock
  ✓ Validate Fastlane Secrets
  ✓ Post Checkout Repo
  ✓ Complete job
✓ Add Identifiers in 24s (ID 88327303370)
  ✓ Set up job
  ✓ Checkout Repo
  ✓ Patch Match Tables
  ✓ Install Project Dependencies
  ✓ Sync clock
  ✓ Fastlane Provision
  ✓ Post Checkout Repo
  ✓ Complete job
✓ merge/sync-upstream-dev-20260720 2. Add Identifiers pov-it/Trio#4 · 29734710406
Triggered via workflow_dispatch about 1 minute ago

JOBS
✓ Validate / Access in 5s (ID 88327196674)
  ✓ Set up job
  ✓ Validate Access Token
  ✓ Validate Match-Secrets
  ✓ Complete job
✓ Validate / Fastlane in 24s (ID 88327221615)
  ✓ Set up job
  ✓ Checkout Repo
  ✓ Install Project Dependencies
  ✓ Sync clock
  ✓ Validate Fastlane Secrets
  ✓ Post Checkout Repo
  ✓ Complete job
✓ Add Identifiers in 24s (ID 88327303370)
  ✓ Set up job
  ✓ Checkout Repo
  ✓ Patch Match Tables
  ✓ Install Project Dependencies
  ✓ Sync clock
  ✓ Fastlane Provision
  ✓ Post Checkout Repo
  ✓ Complete job
IDENT_EXIT=0
